# <Basemap Parameters 7.0.0>

struct LayerDefault { Name }

struct Layer { Name }

struct LayerOrder { Name IsActive }

struct Color { Name Red Green Blue }

struct Parameter { Name Value }

struct DrawUnit { Name Unit Size }

struct Font { Name StrikeOut Red Green Blue Unit Size FontName }

struct Symbol { Name Shape Filled Unit Size }

struct SymbolColored { Name Shape Filled Unit Size MarkerFillRed MarkerFillGreen MarkerFillBlue MarkerEdgeRed MarkerEdgeGreen MarkerEdgeBlue  }

struct Posting { Name isNice StartType StartValue1 StartValue2 EndType EndValue1 EndValue2 IncType IncValue1 IncValue2  }

struct Point { Name x y }

struct Rect { Name x1 y1 x2 y2 }

struct StringVector { Name Entries[ N ]{ Value }}

struct WellInfo { Name Active Customized UseSubSea Field Type SubstrRangeStart SubstrRangeEnd SubstrSearchStart SubstrSearchEnd Format RegExp ScaleValue SubtractValue Location RelativeTo Criteria IncludeFieldName StrikeOut Red Green Blue Unit Size FontName  }

struct IEPolygons { Name Polygons[ N ]{ Value }}

struct CriteriaEntry {Enabled Type Expression Red Green Blue
ScaleFactor RelativeTo UseSubSea UseMarker HasAny Negate Shape Filled Unit Size MarkerFillRed MarkerFillGreen MarkerFillBlue MarkerEdgeRed MarkerEdgeGreen MarkerEdgeBlue 
MarkerBubbleValue MarkerLogarithmic MarkerSizeMinUnit MarkerSizeMinSize MarkerSizeMaxUnit MarkerSizeMaxSize
SourceAny2 SourceMatch2 Source[ N ]{ Value } }

struct NamedEntry { Name Value }
struct VisEntry {
 SeismicLabelingOn   SeismicLabelingOff 
 SeismicRibbonsOn   SeismicRibbonsOff 
 SeismicOutlineOn   SeismicOutlineOff 
 GridLabelingOn   GridLabelingOff 
 GridRibbonsOn   GridRibbonsOff 
 GridOutlineOn   GridOutlineOff 
 GridLinesOn   GridLinesOff 
 WellLabelingOn   WellLabelingOff 
 WellRibbonsOn   WellRibbonsOff 
 WellCriteriaOn   WellCriteriaOff 
 WellSymbolsOn   WellSymbolsOff 
 GenericCultureOn   GenericCultureOff 
 HeaveCultureOn   HeaveCultureOff 
 ExclusionCultureOn   ExclusionCultureOff 
 InclusionCultureOn   InclusionCultureOff 
 OverlapCultureOn   OverlapCultureOff 
 ContourCultureOn   ContourCultureOff 
 BodiesOfWaterCultureOn   BodiesOfWaterCultureOff 
 GridCultureOn   GridCultureOff 
 LsdCultureOn   LsdCultureOff 
 CrownLandCultureOn   CrownLandCultureOff 
 ProprietaryLandCultureOn   ProprietaryLandCultureOff 
 LandBoundariesCultureOn   LandBoundariesCultureOff 
 LandReservesCultureOn   LandReservesCultureOff 
 PipelinesCultureOn   PipelinesCultureOff 
 RoadsCultureOn   RoadsCultureOff 
 SectionslinesCultureOn   SectionslinesCultureOff 
 TownsCultureOn   TownsCultureOff 
 FaultLineCultureOn   FaultLineCultureOff 
 TownshipCultureOn  TownshipCultureOff 
 GeologicEdgesCultureOn  GeologicEdgesCultureOff 
 StickyNotesCultureOn  StickyNotesCultureOff 
 LandSalesCultureOn  LandSalesCultureOff 
 Misc1CultureOn  Misc1CultureOff 
 Misc2CultureOn  Misc2CultureOff 
 RastersOn  RastersOff 
 }

struct PredefinedHCIPEntry {
Name AverageThickness Porosity H2OSaturation FormationVolumeFactor RecoveryFactor  }

struct WellCurveAttributes { Name 
Enabled CurveName IsStacked FlipCurve Logarithmic AutoScale ScaleMin ScaleMax Red Green Blue
 }

struct WellDeviationDisplay { Name 
Enabled TopName Style Width Red Green Blue
 }

struct ColorPalette {
    Name
    Colors [ N ] {
        Red Green Blue
    }
}

struct ColorMarkers {
    Markers [ N ] {
        Visible Min Max Red Green Blue
    }
}

LayerDefault DefaultBasemap
Parameter HorizonRibbon "p1000"
Parameter ShowHistogram True
Parameter HorizonsSubSea True
Parameter Scale 180.775
Parameter ScaleIsMetric False
Parameter AutoScaleSave True
Parameter AutoScaleRibbon True
Parameter AutoScaleRibbonToWindow True
Parameter AutoScaleRibbonToWindowLock False
Parameter ClipRibbonData False
Parameter MinimumRibbonValue 1041.27
Parameter MaximumRibbonValue 1114.6
Parameter UsePercentage False
Parameter RibbonScaling "Normal"
Parameter RibbonDataToUse "Specified"
Parameter ResampleContour True
Parameter ResampleContourInterval 50
Parameter RegridContourTechnique 0
Parameter SelectUsingPolygon False
Parameter TimesliceIncrement 4
Parameter VolumetricsDefaultUnit ""
Font VolumetricsFont False 0 255 0 "Fixed Size (Inches)" 0.08 "Lucida Console"
Parameter VolumetricsLineWidth 0
DrawUnit VolumetricsNodeSize "Fixed Size (Inches)" 0.1
Parameter MistieShow "True"
Parameter MistieRun ""
Parameter MistiePhaseVisible False
Parameter MistieGainVisible False
Parameter MistieStaticVisible False
Parameter MistieConfidenceVisible False
Parameter MistiePost True
Parameter ShowResidual False
DrawUnit MistieSize "Fixed Size (Inches)" 0.2
Font MistieFont False 0 0 0 "Fixed Size (Inches)" 0.1 "Arial"
Parameter MistieRibbon ""
Parameter MistieRibbonIncludeMissing True
Parameter Talk True
Parameter Listen True
Parameter RibbonDisplayFormat "%0.0f"
Parameter AutoRedraw "False"
Parameter ShowSeismicDuringScroll "True"
Parameter ColorPaletteName "Rainbow 2"
Parameter IgnoreGeometryCheck False
WellInfo RibbonWellCustomInfo True False False "<No Well Info>" "None" 0 0 "" "" "%0.0f" "" "1" "<No Well Info>"
"No Posting"
"By Symbol"
""
False False 255 0 0 "Fixed Size (Inches)" 0.15 "Arial"
Parameter WarnOnLargeSize True

Parameter LayerVisibilityEnabled "True"
VisEntry 1 500000
1 500000
1 1000000000
1 500000
1 500000
1 1000000000
1 1000000000
1 300000
1 300000
1 500000
1 1000000000
1 1000000000
1 100000
1 100000
1 100000
1 100000
1 250000
1 1000000000
1 100000
1 50000
1 250000
1 1000000000
1 100000
1 100000
1 100000
1 100000
1 250000
1 100000
1 250000
1 1000000000
1 500000
1 250000
1 500000
1 500000
1 500000
1 500000


ColorPalette "Rainbow 2" 200
153 102 255
149 99 255
145 97 255
141 94 255
137 91 255
133 89 255
129 86 255
125 83 255
121 81 255
117 78 255
113 75 255
108 72 255
104 70 255
100 67 255
96 64 255
92 62 255
88 59 255
84 56 255
80 54 255
76 51 255
72 48 255
68 46 254
65 44 254
61 43 253
58 41 252
54 39 252
50 37 251
47 36 250
43 34 250
40 32 249
36 30 248
32 29 248
29 27 247
25 25 247
22 23 246
18 22 245
14 20 245
11 18 244
7 16 243
7 21 238
6 26 232
6 32 227
6 37 221
5 42 216
5 47 210
4 52 205
4 58 200
4 63 194
3 68 189
3 73 183
3 79 178
2 84 173
2 89 167
1 94 162
1 100 156
1 107 149
1 113 143
1 120 136
1 126 130
1 133 123
1 139 117
1 146 110
1 152 104
1 158 97
1 165 91
1 171 84
0 178 78
0 184 71
0 191 65
0 197 58
0 203 52
0 210 45
0 216 39
0 223 32
0 229 26
0 236 19
0 242 13
0 249 6
6 249 6
12 249 6
19 249 6
25 250 5
31 250 5
37 250 5
43 250 5
50 250 5
56 250 5
62 251 4
68 251 4
74 251 4
81 251 4
87 251 4
93 251 4
99 251 4
105 252 3
112 252 3
118 252 3
124 252 3
130 252 3
137 252 3
143 253 2
149 253 2
155 253 2
161 253 2
168 253 2
174 253 2
180 253 2
186 254 1
192 254 1
199 254 1
205 254 1
211 254 1
217 254 1
223 255 0
230 255 0
231 252 0
231 248 0
232 245 0
233 242 0
233 239 0
234 235 0
235 232 0
235 229 0
236 225 0
237 222 0
237 219 0
238 215 0
239 212 0
239 209 0
240 206 0
241 202 0
241 199 0
242 196 0
243 192 0
244 189 0
244 186 0
245 182 0
246 179 0
246 176 0
247 173 0
248 169 0
248 166 0
249 163 0
250 159 0
250 156 0
250 153 0
250 150 0
250 148 0
250 145 0
251 142 0
251 139 0
251 136 0
251 133 0
251 131 0
251 128 0
251 125 0
251 122 0
251 119 0
251 116 0
251 114 0
252 111 0
252 108 0
252 105 0
252 102 0
252 99 0
252 97 0
252 94 0
252 91 0
252 88 0
252 85 0
252 82 0
253 79 0
253 77 0
253 74 0
253 71 0
253 68 0
253 65 0
253 62 0
253 60 0
253 57 0
253 54 0
253 51 0
253 48 0
254 45 0
254 43 0
254 40 0
254 37 0
254 34 0
254 31 0
254 28 0
254 26 0
254 23 0
254 20 0
254 17 0
255 14 0
255 11 0
255 9 0
255 6 0
255 3 0
255 0 0
ColorMarkers 0



LayerDefault DefaultPrintAttributes
Parameter PrintLegendFont "Arial"
Parameter PrintLegendFontSize 0.125
Parameter PrintArrow True
Parameter PrintArrowSize 2
Color PrintArrowColor 0 0 0
Parameter PrintColorBar True
Parameter PrintScaleBar True
Parameter UseFullZoom False
Parameter UseScreenScale True
Parameter PrintScale 10000
Parameter PrintNotes False
Parameter PrintWellLegend True
Parameter PrintCriteriaLegend True
Parameter PrintPostingLegend True
Parameter PrintTitle ""
Parameter PrintTitleFont "Arial"
Parameter PrintTitleHeight 0.3
Parameter PrintDescription ""
Parameter PrintDescFont "Arial"
Parameter PrintDescHeight 0.125
Parameter PrintLabelingFont "Arial"
Parameter PrintLightness 0
Parameter LightenMetafile True
Parameter PrintUserName True
Parameter PrintMachineName True
Parameter PrintLogo True
Parameter PrintTitleArea True
Parameter PrintProjectInfo True


LayerDefault DefaultGriddingAndContouringAttributes
Parameter ContourLineInterval 5
Parameter ContourThickLineInterval 10
Color ContourLineColor 0 0 0
Color ContourThickLineColor 0 0 0
Parameter ContourLabelInterval 10
Parameter ContourLabelFontSize 50
Parameter ContourLabelFontFixed False
Parameter ContourLabelFontFace "Arial"
Parameter ContourLabelNumDecimals 0
Parameter ContourLabelDistance 500
Parameter ContourLabel True
Parameter ContourSmoothGrid False
Parameter ContourSmoothSpline True
Parameter ContourAttach True
Parameter AutoInterval True

Parameter GridSmooth False
Parameter GridAttach True
Parameter GridNumRows 50
Parameter GridNumColumns 50
Parameter GridTechnique "Minimum curvature"
Parameter GriddingDistance 0
Parameter UseDefaultSearch 1
Parameter SearchRadius1 1
Parameter SearchRadius2 1
Parameter SearchAzimuth 0
Parameter KrigingAzimuth 0
Parameter KrigingAspect 1
Parameter KrigingLength 0
Parameter KrigingScale 0
Parameter KrigingVariogram 0
IEPolygons GridPolygons 0
IEPolygons GridPostOps 0

IEPolygons GridFaultPolygons 0

Parameter TrendAttach False
Parameter ResidualAttach False
Parameter ResidualOrder 0

Parameter UseWellTops True
Parameter WellDataToUse "All"


LayerDefault DefaultSelectionAttributes
Parameter NumFrames 10
Parameter UseMultiLayer False
DrawUnit WellProjection "Variable Size (Meters)" 1000
Parameter WellsToProject "All"
Parameter MistieUserRange "False"
Parameter MistieStartTime 500
Parameter MistieEndTime 1500


LayerDefault ZoomInformation
Parameter ZoomLevel 0
Rect DocRect 0 0 0 0
Rect ViewRect 0 0 0 0
Point ScrollPos 58 0
Parameter Scale 8503.81
Parameter ZoomLevel 1
Rect DocRect 0 0 0 0
Rect ViewRect 0 0 0 0
Point ScrollPos 0 0
Parameter Scale 821.624
Parameter ZoomLevel 2
Rect DocRect 0 0 0 0
Rect ViewRect 0 0 0 0
Point ScrollPos 141 235
Parameter Scale 115.959
Parameter ZoomLevel 3
Rect DocRect 0 0 0 0
Rect ViewRect 0 0 0 0
Point ScrollPos 130 224
Parameter Scale 183.745
Parameter ZoomLevel 4
Rect DocRect 0 0 0 0
Rect ViewRect 0 0 0 0
Point ScrollPos 0 0
Parameter Scale 8193.15
Parameter ZoomLevel 5
Rect DocRect 0 0 0 0
Rect ViewRect 0 0 0 0
Point ScrollPos 973 1214
Parameter Scale 850.232
Parameter ZoomLevel 6
Rect DocRect 0 0 0 0
Rect ViewRect 0 0 0 0
Point ScrollPos 3148 4194
Parameter Scale 295.733
Parameter ZoomLevel 7
Rect DocRect 0 0 0 0
Rect ViewRect 0 0 0 0
Point ScrollPos 116 154
Parameter Scale 8193.15
Parameter ZoomLevel 8
Rect DocRect 0 0 0 0
Rect ViewRect 0 0 0 0
Point ScrollPos 7381 6610
Parameter Scale 956.511
Parameter ZoomLevel 9
Rect DocRect 0 0 0 0
Rect ViewRect 0 0 0 0
Point ScrollPos 140 411
Parameter Scale 180.775


LayerDefault Default2DView
Parameter LineIsVisible True
Parameter UseDefaults False
Color LineColor 0 0 0
Parameter ShowRibbon True
DrawUnit RibbonThickness "Fixed Size (Inches)" 0.06
DrawUnit LineThickness "Fixed Size (Inches)" 0
Parameter AlphaPercent 100
Parameter LineOnTop False
Parameter LabelIsVisible True
Font LabelFont False 255 0 0 "Fixed Size (Inches)" 0.15 "Arial"
Parameter LabelPosition "Label Start And End"
Parameter MarkerIsVisible True
Symbol MarkerView "Circle" False "Fixed Size (Inches)" 0.05 
Font MarkerFont False 0 0 0 "Fixed Size (Inches)" 0.05 "Arial"
Posting MarkerPost True "Shot" 0 0 "Shot" 0 0 "Shot" 50 0 
Parameter MarkerUseFirstPos True
Parameter MarkerUseLastPos True
Parameter PostingIsVisible True
Font PostingFont False 0 0 0 "Fixed Size (Inches)" 0.125 "Arial"
Posting PostingPost True "Shot" 0 0 "Shot" 0 0 "Shot" 100 0 
Parameter PostingUseFirstPos True
Parameter PostingUseLastPos True
Parameter HorizonPostingIsVisible False
Font HorizonPostingFont False 0 128 255 "Fixed Size (Inches)" 0.075 "Arial"
Posting HorizonPostingPost True "Shot" 0 0 "Shot" 0 0 "Shot" 50 0 
Parameter HorizonPostingUseFirstPos True
Parameter HorizonPostingUseLastPos True
Parameter MarkerFirstAndLast True
Parameter PostingFirstAndLast True
Parameter HorizonPostingFirstAndLast True
Parameter MarkerTolerance 0
Parameter PostingTolerance 0
Parameter HorizonPostingTolerance 0
Parameter DisplayFormat "%0.0f"


LayerDefault Default3DView
Parameter LineIsVisible True
Parameter UseDefaults False
Color LineColor 0 0 0
DrawUnit LineThickness "Fixed Size (Inches)" 0
Parameter ShowRibbon True
Parameter AlphaPercent 100
Parameter ShowNullBins True
Parameter LabelIsVisible True
Font LabelFont False 255 0 0 "Fixed Size (Inches)" 0.2 "Arial"
Parameter InterpolationIncrement 0
Parameter MarkerIsVisible True
Symbol MarkerView "Circle" False "Fixed Size (Inches)" 0.05 
Font MarkerFont False 0 0 0 "Fixed Size (Inches)" 0.05 "Arial"
Posting MarkerPost True "Trace/Line" 0 0 "Trace/Line" 0 0 "Trace/Line" 15 15 
Parameter MarkerUseFirstPos True
Parameter MarkerUseLastPos True
Parameter PostingIsVisible True
Parameter PostInside False
Font PostingFont False 0 0 0 "Fixed Size (Inches)" 0.125 "Arial"
Posting PostingPost True "Trace/Line" 0 0 "Trace/Line" 0 0 "Trace/Line" 30 30 
Parameter PostingUseFirstPos True
Parameter PostingUseLastPos True
Parameter HorizonPostingIsVisible False
Font HorizonPostingFont False 0 255 255 "Fixed Size (Inches)" 0.075 "Arial"
Posting HorizonPostingPost True "Trace/Line" 0 0 "Trace/Line" 0 0 "Trace/Line" 30 30 
Parameter HorizonPostingUseFirstPos True
Parameter HorizonPostingUseLastPos True
Parameter DisplayFormat "%0.0f"


LayerDefault DefaultCultureView
Parameter LineIsVisible False
Parameter UseDefaults False
Parameter AlphaPercent 100
Parameter ShowRibbon False
Parameter DrawColored False
Parameter ContourOverride False
Parameter LabelFormat "%0.0f"
Parameter LabelDistance 500
Color ContourColor 0 0 0
Font LabelFont False 0 0 0 "Fixed Size (Inches)" 0.1 "Arial"


LayerDefault DefaultWellView
Parameter AlphaPercent 100
Parameter CriteriaAlphaPercent 100
Parameter BubbleAlphaPercent 100
Parameter WellVisibility "All"
Parameter WellShowRibbon False
Parameter WellTopsAreMetric False
Parameter WellUseSubSea True
Parameter WellPostCriteriaOnly False
Parameter PostDeviationOnly True
Parameter PostStackThem True
DrawUnit PostingOffset "Fixed Size (Inches)" 0
Parameter TopDataToUse "All"
Parameter WellTopHoleSymbol False
Parameter WellBottomHoleSymbol True
Color WellColor 0 0 0
DrawUnit WellSize "Fixed Size (Inches)" 0.3
DrawUnit WellSizeTop "Fixed Size (Inches)" 0.1
Parameter WellLineWidth 0
Parameter WellLineWidthScreen 0
WellInfo WellBubble False False False "GWI:Well Name" "None" 0 0 "" "" "%.1f" "" "1" "<No Well Info>"
"No Posting"
"By Symbol"
""
False False 255 0 0 "Fixed Size (Inches)" 0.15 "Arial"
DrawUnit WellBubbleMinSize "Fixed Size (Inches)" 0.25
DrawUnit WellBubbleMaxSize "Fixed Size (Inches)" 0.75
WellInfo WellPosting True False True "GWI:Well Name" "None" 0 0 "" "" "%0.0f" "" "1" "<No Well Info>"
"Top"
"By Symbol"
"<None>"
False False 0 0 0 "Fixed Size (Inches)" 0.15 "Arial"
DrawUnit WellTickSize "Variable Size (Meters)" 200
Parameter WellCurveVisibility "All"
Parameter WellCurveLocation "Right"
Parameter WellCurveShowPortion 0
Parameter WellCurveTopFrom ""
Parameter WellCurveTopOffset -164.042
Parameter WellCurveBottomFrom ""
Parameter WellCurveBottomOffset 164.042
Parameter WellCurveStartTime 0
Parameter WellCurveHasStartTime True
Parameter WellCurveEndTime 1640.42
Parameter WellCurveHasEndTime True
Parameter WellCurveBackgroundOpaque False
Color WellCurveBackgroundColor 255 255 255
DrawUnit WellCurveWidth "Fixed Size (Inches)" 0.5
DrawUnit WellCurveHeight "Fixed Size (Inches)" 1
Parameter WellCurveSonicUnits "Meters / Second"
Parameter WellCurveTopTicksShow False
Parameter WellCurveTopTickUseActiveList "True"
Parameter WellCurveTopTickDisplayList ""

Font WellTopTicksFont False 255 0 0 "Fixed Size (Inches)" 0.05 "Arial"
Parameter WellTopTicksShow False
Parameter WellTopTicksShowFieldName False
Parameter WellTopTicksPost True
Parameter WellTopTickUseActiveList True
Parameter WellTopTickDisplayList ""


LayerDefault DefaultSegPView
Parameter LineIsVisible True
Parameter UseDefaults False
Color LineColor 0 0 0
Parameter ShowRibbon True
DrawUnit RibbonThickness "Fixed Size (Inches)" 0.05
DrawUnit LineThickness "Fixed Size (Inches)" 0
Parameter AlphaPercent 100
Parameter LineOnTop False
Parameter LabelIsVisible True
Font LabelFont False 255 0 0 "Fixed Size (Inches)" 0.1 "Arial"
Parameter LabelPosition "Label Start And End"
Parameter MarkerIsVisible True
Symbol MarkerView "Circle" False "Fixed Size (Inches)" 0.05 
Font MarkerFont False 0 0 0 "Fixed Size (Inches)" 0.05 "Arial"
Posting MarkerPost True "Shot" 0 0 "Shot" 0 0 "Shot" 50 0 
Parameter MarkerUseFirstPos True
Parameter MarkerUseLastPos True
Parameter PostingIsVisible True
Font PostingFont False 0 0 0 "Fixed Size (Inches)" 0.075 "Arial"
Posting PostingPost True "Shot" 0 0 "Shot" 0 0 "Shot" 100 0 
Parameter PostingUseFirstPos True
Parameter PostingUseLastPos True
Parameter HorizonPostingIsVisible False
Font HorizonPostingFont False 0 128 255 "Fixed Size (Inches)" 0.075 "Arial"
Posting HorizonPostingPost True "Shot" 0 0 "Shot" 0 0 "Shot" 50 0 
Parameter HorizonPostingUseFirstPos True
Parameter HorizonPostingUseLastPos True
Parameter MarkerFirstAndLast True
Parameter PostingFirstAndLast True
Parameter HorizonPostingFirstAndLast True
Parameter MarkerTolerance 0
Parameter PostingTolerance 0
Parameter HorizonPostingTolerance 0
Parameter DisplayFormat "%0.0f"


LayerDefault DefaultGridView
Parameter LineIsVisible False
Parameter GridLinesAreVisible False
Parameter UseDefaults False
Parameter AlphaPercent 100
Color LineColor 0 0 0
Parameter ShowRibbon True
Parameter FreeUnused True
Parameter InterpolationIncrement 0
Parameter LabelIsVisible False
Font LabelFont False 255 0 0 "Fixed Size (Inches)" 0.1 "Arial"
Parameter MarkerIsVisible False
Symbol MarkerView "Circle" False "Fixed Size (Inches)" 0.05 
Font MarkerFont False 0 0 255 "Fixed Size (Inches)" 0.05 "Arial"
Posting MarkerPost True "Trace/Line Offset" 0 0 "Trace/Line Offset" 0 0 "Trace/Line Offset" 15 15 
Parameter PostingIsVisible False
Parameter PostInside False
Font PostingFont False 0 0 255 "Fixed Size (Inches)" 0.075 "Arial"
Posting PostingPost True "Trace/Line Offset" 0 0 "Trace/Line Offset" 0 0 "Trace/Line Offset" 30 30 
Parameter HorizonPostingIsVisible False
Font HorizonPostingFont False 0 255 255 "Fixed Size (Inches)" 0.075 "Arial"
Posting HorizonPostingPost True "Trace/Line Offset" 0 0 "Trace/Line Offset" 0 0 "Trace/Line Offset" 30 30 
Parameter DisplayFormat "%0.0f"


LayerDefault DefaultFaultView
Parameter ShowFaultSegments True
Parameter ShowDipDirection True
Parameter ShowTriangleSolid False
Parameter ShowTriangleOutline False
Parameter ShowVertices True
Parameter ShowTimesliceSegments True
Parameter LineWidth 0
StringVector Faults 2
"main"
"Hangwall_west"


LayerDefault DefaultContactView
Parameter ShowGeneratedContacts True
Parameter ShowPickedContacts True
Parameter UseColorScaling False
Parameter LineWidth 0
SymbolColored MarkerView "Circle" False "Fixed Size (Inches)" 0.25  255 0 0 255 0 0 


LayerDefault DefaultDLSGridView
Parameter MajorLines False
Parameter MajorLabelOutside True
Parameter MajorAuto True
Point MajorStartUTM 0 0
Point MajorEndUTM 0 0
Point MajorIncUTM 5000 5000
Parameter MajorLineWidth 3
Color MajorLineColor 0 0 0
Font MajorFont False 0 0 0 "Fixed Size (Inches)" 0.1 "Arial"
Parameter MinorLines False
Parameter MinorLabelOutside True
Parameter MinorAuto True
Point MinorStartUTM 0 0
Point MinorEndUTM 0 0
Point MinorIncUTM 1000 1000
Parameter MinorLineWidth 0
Color MinorLineColor 0 0 0
Font MinorFont False 0 0 0 "Fixed Size (Inches)" 0.05 "Arial"
Parameter ShowTrailingZeros True


LayerDefault DefaultRasterView
Parameter AlphaPercent 100


