# <Basemap Parameters 7.0.0>

struct LayerDefault { Name }

struct Layer { Name }

struct LayerOrder { Name IsActive }

struct Color { Name Red Green Blue }

struct Parameter { Name Value }

struct DrawUnit { Name Unit Size }

struct Font { Name StrikeOut Red Green Blue Unit Size FontName }

struct Symbol { Name Shape Filled Unit Size }

struct SymbolColored { Name Shape Filled Unit Size MarkerFillRed MarkerFillGreen MarkerFillBlue MarkerEdgeRed MarkerEdgeGreen MarkerEdgeBlue  }

struct Posting { Name isNice StartType StartValue1 StartValue2 EndType EndValue1 EndValue2 IncType IncValue1 IncValue2  }

struct Point { Name x y }

struct Rect { Name x1 y1 x2 y2 }

struct StringVector { Name Entries[ N ]{ Value }}

struct WellInfo { Name Active Customized UseSubSea Field Type SubstrRangeStart SubstrRangeEnd SubstrSearchStart SubstrSearchEnd Format RegExp ScaleValue SubtractValue Location RelativeTo Criteria IncludeFieldName StrikeOut Red Green Blue Unit Size FontName  }

struct IEPolygons { Name Polygons[ N ]{ Value }}

struct CriteriaEntry {Enabled Type Expression Red Green Blue
ScaleFactor RelativeTo UseSubSea UseMarker HasAny Negate Shape Filled Unit Size MarkerFillRed MarkerFillGreen MarkerFillBlue MarkerEdgeRed MarkerEdgeGreen MarkerEdgeBlue 
MarkerBubbleValue MarkerLogarithmic MarkerSizeMinUnit MarkerSizeMinSize MarkerSizeMaxUnit MarkerSizeMaxSize
SourceAny2 SourceMatch2 Source[ N ]{ Value } }

struct NamedEntry { Name Value }
struct VisEntry {
 SeismicLabelingOn   SeismicLabelingOff 
 SeismicRibbonsOn   SeismicRibbonsOff 
 SeismicOutlineOn   SeismicOutlineOff 
 GridLabelingOn   GridLabelingOff 
 GridRibbonsOn   GridRibbonsOff 
 GridOutlineOn   GridOutlineOff 
 GridLinesOn   GridLinesOff 
 WellLabelingOn   WellLabelingOff 
 WellRibbonsOn   WellRibbonsOff 
 WellCriteriaOn   WellCriteriaOff 
 WellSymbolsOn   WellSymbolsOff 
 GenericCultureOn   GenericCultureOff 
 HeaveCultureOn   HeaveCultureOff 
 ExclusionCultureOn   ExclusionCultureOff 
 InclusionCultureOn   InclusionCultureOff 
 OverlapCultureOn   OverlapCultureOff 
 ContourCultureOn   ContourCultureOff 
 BodiesOfWaterCultureOn   BodiesOfWaterCultureOff 
 GridCultureOn   GridCultureOff 
 LsdCultureOn   LsdCultureOff 
 CrownLandCultureOn   CrownLandCultureOff 
 ProprietaryLandCultureOn   ProprietaryLandCultureOff 
 LandBoundariesCultureOn   LandBoundariesCultureOff 
 LandReservesCultureOn   LandReservesCultureOff 
 PipelinesCultureOn   PipelinesCultureOff 
 RoadsCultureOn   RoadsCultureOff 
 SectionslinesCultureOn   SectionslinesCultureOff 
 TownsCultureOn   TownsCultureOff 
 FaultLineCultureOn   FaultLineCultureOff 
 TownshipCultureOn  TownshipCultureOff 
 GeologicEdgesCultureOn  GeologicEdgesCultureOff 
 StickyNotesCultureOn  StickyNotesCultureOff 
 LandSalesCultureOn  LandSalesCultureOff 
 Misc1CultureOn  Misc1CultureOff 
 Misc2CultureOn  Misc2CultureOff 
 RastersOn  RastersOff 
 }

struct PredefinedHCIPEntry {
Name AverageThickness Porosity H2OSaturation FormationVolumeFactor RecoveryFactor  }

struct WellCurveAttributes { Name 
Enabled CurveName IsStacked FlipCurve Logarithmic AutoScale ScaleMin ScaleMax Red Green Blue
 }

struct WellDeviationDisplay { Name 
Enabled TopName Style Width Red Green Blue
 }

struct ColorPalette {
    Name
    Colors [ N ] {
        Red Green Blue
    }
}

struct ColorMarkers {
    Markers [ N ] {
        Visible Min Max Red Green Blue
    }
}

Layer "UTM Grid"
Parameter MajorLines False
Parameter MajorLabelOutside True
Parameter MajorAuto True
Point MajorStartUTM 0 0
Point MajorEndUTM 0 0
Point MajorIncUTM 5000 5000
Parameter MajorLineWidth 3
Color MajorLineColor 0 0 0
Font MajorFont False 255 0 0 "Fixed Size (Inches)" 0.1 "Arial"
Parameter MinorLines False
Parameter MinorLabelOutside True
Parameter MinorAuto True
Point MinorStartUTM 0 0
Point MinorEndUTM 0 0
Point MinorIncUTM 1000 1000
Parameter MinorLineWidth 0
Color MinorLineColor 0 0 0
Font MinorFont False 255 0 0 "Fixed Size (Inches)" 0.05 "Arial"
Parameter ShowTrailingZeros True


LayerOrder "Section_Lines" True
LayerOrder "UTM Grid" False
LayerOrder "Logo_Full_new" True
LayerOrder "3D" True
LayerOrder "2D Seismic" True
LayerOrder "FaultsLayerView" True
LayerOrder "Wells" True
